2026-06-13 08:46:04 Log file: /app/logs/bot.log
2026-06-13 08:46:04 Starting automated execution strategy loop...
2026-06-13 08:46:04 Initial authentication failed.
2026-06-13 09:00:53 Log file: /app/logs/bot.log
2026-06-13 09:00:53 Starting automated execution strategy loop...
2026-06-13 09:00:54 Initial authentication failed.
2026-06-13 09:02:02 Log file: /app/logs/bot.log
2026-06-13 09:02:02 Starting automated execution strategy loop...
2026-06-13 09:02:03 ⚠️ Matchbook API login returned 429 (Rate Limited). Attempt 1. Retrying in 10s...
2026-06-13 09:02:13 ⚠️ Matchbook API login returned 429 (Rate Limited). Attempt 2. Retrying in 20s...
2026-06-13 09:02:33 ⚠️ Matchbook API login returned 429 (Rate Limited). Attempt 3. Retrying in 40s...
2026-06-13 09:03:13 ⚠️ Matchbook API login returned 429 (Rate Limited). Attempt 4. Retrying in 80s...
2026-06-13 09:04:33 ⚠️ Matchbook API login returned 429 (Rate Limited). Attempt 5. Retrying in 160s...
2026-06-13 09:07:14 Config loaded: mode=testing, max_steps=6, odds 1.45-1.6, stake step 1=0.11
2026-06-13 09:07:14 🔄 Recovered existing active bet profile for: Jiangxi Lushan vs Chengdu Rongcheng II
2026-06-13 09:07:14 ⏳ Active bet track verified. Holding market checks until 110 minutes after kickoff (16:20 Athens time)...
2026-06-13 09:14:33 Log file: /app/logs/bot.log
2026-06-13 09:14:33 Starting automated execution strategy loop...
2026-06-13 09:14:34 Config loaded: mode=production, max_steps=6, odds 1.45-1.6, stake step 1=0.1
2026-06-13 09:14:34 🔄 Recovered existing active bet profile for: Jiangxi Lushan vs Chengdu Rongcheng II
2026-06-13 09:14:34 ⏳ Active bet track verified. Holding market checks until 110 minutes after kickoff (16:20 Athens time)...
2026-06-13 13:20:04 ⏰ 110 minutes elapsed since kickoff. Transitioning to minute-by-minute status tracking...
2026-06-13 13:21:04 Checking settlement for offer 33538037501900060 (matched)...
2026-06-13 13:22:05 Checking settlement for offer 33538037501900060 (matched)...
2026-06-13 13:23:05 Checking settlement for offer 33538037501900060 (settled-report)...
2026-06-13 13:23:05 Settled
Match: Jiangxi Lushan vs Chengdu Rongcheng II
Result: Won
Next step: 1/6
2026-06-13 13:23:20 
--- Scanning markets at 2026-06-13 13:23:20 (Step 1/6) ---
2026-06-13 13:23:21 🎯 Trigger conditions met for: Fylkir vs Grotta -> Fylkir
2026-06-13 13:23:21 🚀 Bet Placed!
Step: 1/6
League: Iceland Cup
Match: Fylkir vs Grotta
Selection: Fylkir
Action: back
Odds: 1.57
Stake: 0.1
Start Time: 17:00
2026-06-13 13:23:22 ⏳ Active bet track verified. Holding market checks until 110 minutes after kickoff (18:50 Athens time)...
2026-06-13 15:50:22 ⏰ 110 minutes elapsed since kickoff. Transitioning to minute-by-minute status tracking...
2026-06-13 15:51:22 Checking settlement for offer 33540013022800022 (matched)...
2026-06-13 15:52:22 Checking settlement for offer 33540013022800022 (matched)...
2026-06-13 15:53:23 Checking settlement for offer 33540013022800022 (matched)...
2026-06-13 15:54:23 Checking settlement for offer 33540013022800022 (settled-report)...
2026-06-13 15:54:23 Settled
Match: Fylkir vs Grotta
Result: Lost
Next step: 2/6
2026-06-13 15:54:38 
--- Scanning markets at 2026-06-13 15:54:38 (Step 2/6) ---
2026-06-13 15:54:54 
--- Scanning markets at 2026-06-13 15:54:54 (Step 2/6) ---
2026-06-13 15:55:10 
--- Scanning markets at 2026-06-13 15:55:10 (Step 2/6) ---
2026-06-13 15:55:25 
--- Scanning markets at 2026-06-13 15:55:25 (Step 2/6) ---
2026-06-13 15:55:41 
--- Scanning markets at 2026-06-13 15:55:41 (Step 2/6) ---
2026-06-13 15:55:56 
--- Scanning markets at 2026-06-13 15:55:56 (Step 2/6) ---
2026-06-13 15:56:11 
--- Scanning markets at 2026-06-13 15:56:11 (Step 2/6) ---
2026-06-13 15:56:27 
--- Scanning markets at 2026-06-13 15:56:27 (Step 2/6) ---
2026-06-13 15:56:42 
--- Scanning markets at 2026-06-13 15:56:42 (Step 2/6) ---
2026-06-13 15:56:58 
--- Scanning markets at 2026-06-13 15:56:58 (Step 2/6) ---
2026-06-13 15:57:13 
--- Scanning markets at 2026-06-13 15:57:13 (Step 2/6) ---
2026-06-13 15:57:29 
--- Scanning markets at 2026-06-13 15:57:29 (Step 2/6) ---
2026-06-13 15:57:44 
--- Scanning markets at 2026-06-13 15:57:44 (Step 2/6) ---
2026-06-13 15:58:00 
--- Scanning markets at 2026-06-13 15:58:00 (Step 2/6) ---
2026-06-13 15:58:15 
--- Scanning markets at 2026-06-13 15:58:15 (Step 2/6) ---
2026-06-13 15:58:31 
--- Scanning markets at 2026-06-13 15:58:31 (Step 2/6) ---
2026-06-13 15:58:46 
--- Scanning markets at 2026-06-13 15:58:46 (Step 2/6) ---
2026-06-13 15:59:02 
--- Scanning markets at 2026-06-13 15:59:02 (Step 2/6) ---
2026-06-13 15:59:17 
--- Scanning markets at 2026-06-13 15:59:17 (Step 2/6) ---
2026-06-13 15:59:33 
--- Scanning markets at 2026-06-13 15:59:33 (Step 2/6) ---
2026-06-13 15:59:48 
--- Scanning markets at 2026-06-13 15:59:48 (Step 2/6) ---
2026-06-13 16:00:04 
--- Scanning markets at 2026-06-13 16:00:04 (Step 2/6) ---
2026-06-13 16:00:19 
--- Scanning markets at 2026-06-13 16:00:19 (Step 2/6) ---
2026-06-13 16:00:35 
--- Scanning markets at 2026-06-13 16:00:35 (Step 2/6) ---
2026-06-13 16:00:50 
--- Scanning markets at 2026-06-13 16:00:50 (Step 2/6) ---
2026-06-13 16:01:06 
--- Scanning markets at 2026-06-13 16:01:06 (Step 2/6) ---
2026-06-13 16:01:21 
--- Scanning markets at 2026-06-13 16:01:21 (Step 2/6) ---
2026-06-13 16:01:37 
--- Scanning markets at 2026-06-13 16:01:37 (Step 2/6) ---
2026-06-13 16:01:52 
--- Scanning markets at 2026-06-13 16:01:52 (Step 2/6) ---
2026-06-13 16:02:08 
--- Scanning markets at 2026-06-13 16:02:08 (Step 2/6) ---
2026-06-13 16:02:23 
--- Scanning markets at 2026-06-13 16:02:23 (Step 2/6) ---
2026-06-13 16:02:39 
--- Scanning markets at 2026-06-13 16:02:39 (Step 2/6) ---
2026-06-13 16:02:55 
--- Scanning markets at 2026-06-13 16:02:55 (Step 2/6) ---
2026-06-13 16:03:10 
--- Scanning markets at 2026-06-13 16:03:10 (Step 2/6) ---
2026-06-13 16:03:26 
--- Scanning markets at 2026-06-13 16:03:26 (Step 2/6) ---
2026-06-13 16:03:41 
--- Scanning markets at 2026-06-13 16:03:41 (Step 2/6) ---
2026-06-13 16:03:57 
--- Scanning markets at 2026-06-13 16:03:57 (Step 2/6) ---
2026-06-13 16:04:12 
--- Scanning markets at 2026-06-13 16:04:12 (Step 2/6) ---
2026-06-13 16:04:28 
--- Scanning markets at 2026-06-13 16:04:28 (Step 2/6) ---
2026-06-13 16:04:43 
--- Scanning markets at 2026-06-13 16:04:43 (Step 2/6) ---
2026-06-13 16:04:58 
--- Scanning markets at 2026-06-13 16:04:58 (Step 2/6) ---
2026-06-13 16:05:14 
--- Scanning markets at 2026-06-13 16:05:14 (Step 2/6) ---
2026-06-13 16:05:29 
--- Scanning markets at 2026-06-13 16:05:29 (Step 2/6) ---
2026-06-13 16:05:45 
--- Scanning markets at 2026-06-13 16:05:45 (Step 2/6) ---
2026-06-13 16:06:00 
--- Scanning markets at 2026-06-13 16:06:00 (Step 2/6) ---
2026-06-13 16:06:16 
--- Scanning markets at 2026-06-13 16:06:16 (Step 2/6) ---
2026-06-13 16:06:31 
--- Scanning markets at 2026-06-13 16:06:31 (Step 2/6) ---
2026-06-13 16:06:47 
--- Scanning markets at 2026-06-13 16:06:47 (Step 2/6) ---
2026-06-13 16:07:02 
--- Scanning markets at 2026-06-13 16:07:02 (Step 2/6) ---
2026-06-13 16:07:18 
--- Scanning markets at 2026-06-13 16:07:18 (Step 2/6) ---
2026-06-13 16:07:33 
--- Scanning markets at 2026-06-13 16:07:33 (Step 2/6) ---
2026-06-13 16:07:49 
--- Scanning markets at 2026-06-13 16:07:49 (Step 2/6) ---
2026-06-13 16:08:04 
--- Scanning markets at 2026-06-13 16:08:04 (Step 2/6) ---
2026-06-13 16:08:20 
--- Scanning markets at 2026-06-13 16:08:20 (Step 2/6) ---
2026-06-13 16:08:35 
--- Scanning markets at 2026-06-13 16:08:35 (Step 2/6) ---
2026-06-13 16:08:51 
--- Scanning markets at 2026-06-13 16:08:51 (Step 2/6) ---
2026-06-13 16:09:06 
--- Scanning markets at 2026-06-13 16:09:06 (Step 2/6) ---
2026-06-13 16:09:22 
--- Scanning markets at 2026-06-13 16:09:22 (Step 2/6) ---
2026-06-13 16:09:37 
--- Scanning markets at 2026-06-13 16:09:37 (Step 2/6) ---
2026-06-13 16:09:53 
--- Scanning markets at 2026-06-13 16:09:53 (Step 2/6) ---
2026-06-13 16:10:08 
--- Scanning markets at 2026-06-13 16:10:08 (Step 2/6) ---
2026-06-13 16:10:24 
--- Scanning markets at 2026-06-13 16:10:24 (Step 2/6) ---
2026-06-13 16:10:39 
--- Scanning markets at 2026-06-13 16:10:39 (Step 2/6) ---
2026-06-13 16:10:55 
--- Scanning markets at 2026-06-13 16:10:55 (Step 2/6) ---
2026-06-13 16:11:10 
--- Scanning markets at 2026-06-13 16:11:10 (Step 2/6) ---
2026-06-13 16:11:26 
--- Scanning markets at 2026-06-13 16:11:26 (Step 2/6) ---
2026-06-13 16:11:41 
--- Scanning markets at 2026-06-13 16:11:41 (Step 2/6) ---
2026-06-13 16:11:57 
--- Scanning markets at 2026-06-13 16:11:57 (Step 2/6) ---
2026-06-13 16:12:12 
--- Scanning markets at 2026-06-13 16:12:12 (Step 2/6) ---
2026-06-13 16:12:28 
--- Scanning markets at 2026-06-13 16:12:28 (Step 2/6) ---
2026-06-13 16:12:43 
--- Scanning markets at 2026-06-13 16:12:43 (Step 2/6) ---
2026-06-13 16:12:59 
--- Scanning markets at 2026-06-13 16:12:59 (Step 2/6) ---
2026-06-13 16:13:14 
--- Scanning markets at 2026-06-13 16:13:14 (Step 2/6) ---
2026-06-13 16:13:30 
--- Scanning markets at 2026-06-13 16:13:30 (Step 2/6) ---
2026-06-13 16:13:45 
--- Scanning markets at 2026-06-13 16:13:45 (Step 2/6) ---
2026-06-13 16:14:01 
--- Scanning markets at 2026-06-13 16:14:01 (Step 2/6) ---
2026-06-13 16:14:16 
--- Scanning markets at 2026-06-13 16:14:16 (Step 2/6) ---
2026-06-13 16:14:32 
--- Scanning markets at 2026-06-13 16:14:32 (Step 2/6) ---
2026-06-13 16:14:47 
--- Scanning markets at 2026-06-13 16:14:47 (Step 2/6) ---
2026-06-13 16:15:03 
--- Scanning markets at 2026-06-13 16:15:03 (Step 2/6) ---
2026-06-13 16:15:18 
--- Scanning markets at 2026-06-13 16:15:18 (Step 2/6) ---
2026-06-13 16:15:34 
--- Scanning markets at 2026-06-13 16:15:34 (Step 2/6) ---
2026-06-13 16:15:49 
--- Scanning markets at 2026-06-13 16:15:49 (Step 2/6) ---
2026-06-13 16:16:05 
--- Scanning markets at 2026-06-13 16:16:05 (Step 2/6) ---
2026-06-13 16:16:20 
--- Scanning markets at 2026-06-13 16:16:20 (Step 2/6) ---
2026-06-13 16:16:35 
--- Scanning markets at 2026-06-13 16:16:35 (Step 2/6) ---
2026-06-13 16:16:51 
--- Scanning markets at 2026-06-13 16:16:51 (Step 2/6) ---
2026-06-13 16:17:06 
--- Scanning markets at 2026-06-13 16:17:06 (Step 2/6) ---
2026-06-13 16:17:22 
--- Scanning markets at 2026-06-13 16:17:22 (Step 2/6) ---
2026-06-13 16:17:37 
--- Scanning markets at 2026-06-13 16:17:37 (Step 2/6) ---
2026-06-13 16:17:53 
--- Scanning markets at 2026-06-13 16:17:53 (Step 2/6) ---
2026-06-13 16:18:08 
--- Scanning markets at 2026-06-13 16:18:08 (Step 2/6) ---
2026-06-13 16:18:24 
--- Scanning markets at 2026-06-13 16:18:24 (Step 2/6) ---
2026-06-13 16:18:39 
--- Scanning markets at 2026-06-13 16:18:39 (Step 2/6) ---
2026-06-13 16:18:55 
--- Scanning markets at 2026-06-13 16:18:55 (Step 2/6) ---
2026-06-13 16:19:10 
--- Scanning markets at 2026-06-13 16:19:10 (Step 2/6) ---
2026-06-13 16:19:26 
--- Scanning markets at 2026-06-13 16:19:26 (Step 2/6) ---
2026-06-13 16:19:41 
--- Scanning markets at 2026-06-13 16:19:41 (Step 2/6) ---
2026-06-13 16:19:56 
--- Scanning markets at 2026-06-13 16:19:56 (Step 2/6) ---
2026-06-13 16:20:12 
--- Scanning markets at 2026-06-13 16:20:12 (Step 2/6) ---
2026-06-13 16:20:27 
--- Scanning markets at 2026-06-13 16:20:27 (Step 2/6) ---
2026-06-13 16:20:43 
--- Scanning markets at 2026-06-13 16:20:43 (Step 2/6) ---
2026-06-13 16:20:58 
--- Scanning markets at 2026-06-13 16:20:58 (Step 2/6) ---
2026-06-13 16:21:14 
--- Scanning markets at 2026-06-13 16:21:14 (Step 2/6) ---
2026-06-13 16:21:29 
--- Scanning markets at 2026-06-13 16:21:29 (Step 2/6) ---
2026-06-13 16:21:45 
--- Scanning markets at 2026-06-13 16:21:45 (Step 2/6) ---
2026-06-13 16:22:00 
--- Scanning markets at 2026-06-13 16:22:00 (Step 2/6) ---
2026-06-13 16:22:16 
--- Scanning markets at 2026-06-13 16:22:16 (Step 2/6) ---
2026-06-13 16:22:31 
--- Scanning markets at 2026-06-13 16:22:31 (Step 2/6) ---
2026-06-13 16:22:47 
--- Scanning markets at 2026-06-13 16:22:47 (Step 2/6) ---
2026-06-13 16:23:02 
--- Scanning markets at 2026-06-13 16:23:02 (Step 2/6) ---
2026-06-13 16:23:17 
--- Scanning markets at 2026-06-13 16:23:17 (Step 2/6) ---
2026-06-13 16:23:33 
--- Scanning markets at 2026-06-13 16:23:33 (Step 2/6) ---
2026-06-13 16:23:48 
--- Scanning markets at 2026-06-13 16:23:48 (Step 2/6) ---
2026-06-13 16:24:04 
--- Scanning markets at 2026-06-13 16:24:04 (Step 2/6) ---
2026-06-13 16:24:21 
--- Scanning markets at 2026-06-13 16:24:21 (Step 2/6) ---
2026-06-13 16:24:36 
--- Scanning markets at 2026-06-13 16:24:36 (Step 2/6) ---
2026-06-13 16:24:52 
--- Scanning markets at 2026-06-13 16:24:52 (Step 2/6) ---
2026-06-13 16:25:08 
--- Scanning markets at 2026-06-13 16:25:08 (Step 2/6) ---
2026-06-13 16:25:23 
--- Scanning markets at 2026-06-13 16:25:23 (Step 2/6) ---
2026-06-13 16:25:39 
--- Scanning markets at 2026-06-13 16:25:39 (Step 2/6) ---
2026-06-13 16:25:54 
--- Scanning markets at 2026-06-13 16:25:54 (Step 2/6) ---
2026-06-13 16:26:10 
--- Scanning markets at 2026-06-13 16:26:10 (Step 2/6) ---
2026-06-13 16:26:25 
--- Scanning markets at 2026-06-13 16:26:25 (Step 2/6) ---
2026-06-13 16:26:41 
--- Scanning markets at 2026-06-13 16:26:41 (Step 2/6) ---
2026-06-13 16:26:56 
--- Scanning markets at 2026-06-13 16:26:56 (Step 2/6) ---
2026-06-13 16:27:12 
--- Scanning markets at 2026-06-13 16:27:12 (Step 2/6) ---
2026-06-13 16:27:27 
--- Scanning markets at 2026-06-13 16:27:27 (Step 2/6) ---
2026-06-13 16:27:43 
--- Scanning markets at 2026-06-13 16:27:43 (Step 2/6) ---
2026-06-13 16:27:58 
--- Scanning markets at 2026-06-13 16:27:58 (Step 2/6) ---
2026-06-13 16:28:13 
--- Scanning markets at 2026-06-13 16:28:13 (Step 2/6) ---
2026-06-13 16:28:29 
--- Scanning markets at 2026-06-13 16:28:29 (Step 2/6) ---
2026-06-13 16:28:44 
--- Scanning markets at 2026-06-13 16:28:44 (Step 2/6) ---
2026-06-13 16:29:00 
--- Scanning markets at 2026-06-13 16:29:00 (Step 2/6) ---
2026-06-13 16:29:15 
--- Scanning markets at 2026-06-13 16:29:15 (Step 2/6) ---
2026-06-13 16:29:31 
--- Scanning markets at 2026-06-13 16:29:31 (Step 2/6) ---
2026-06-13 16:29:46 
--- Scanning markets at 2026-06-13 16:29:46 (Step 2/6) ---
2026-06-13 16:30:02 
--- Scanning markets at 2026-06-13 16:30:02 (Step 2/6) ---
2026-06-13 16:30:18 
--- Scanning markets at 2026-06-13 16:30:18 (Step 2/6) ---
2026-06-13 16:30:34 
--- Scanning markets at 2026-06-13 16:30:34 (Step 2/6) ---
2026-06-13 16:30:49 
--- Scanning markets at 2026-06-13 16:30:49 (Step 2/6) ---
2026-06-13 16:31:05 
--- Scanning markets at 2026-06-13 16:31:05 (Step 2/6) ---
2026-06-13 16:31:20 
--- Scanning markets at 2026-06-13 16:31:20 (Step 2/6) ---
2026-06-13 16:31:36 
--- Scanning markets at 2026-06-13 16:31:36 (Step 2/6) ---
2026-06-13 16:31:51 
--- Scanning markets at 2026-06-13 16:31:51 (Step 2/6) ---
2026-06-13 16:32:07 
--- Scanning markets at 2026-06-13 16:32:07 (Step 2/6) ---
2026-06-13 16:32:22 
--- Scanning markets at 2026-06-13 16:32:22 (Step 2/6) ---
2026-06-13 16:32:38 
--- Scanning markets at 2026-06-13 16:32:38 (Step 2/6) ---
2026-06-13 16:32:53 
--- Scanning markets at 2026-06-13 16:32:53 (Step 2/6) ---
2026-06-13 16:33:09 
--- Scanning markets at 2026-06-13 16:33:09 (Step 2/6) ---
2026-06-13 16:33:24 
--- Scanning markets at 2026-06-13 16:33:24 (Step 2/6) ---
2026-06-13 16:33:40 
--- Scanning markets at 2026-06-13 16:33:40 (Step 2/6) ---
2026-06-13 16:33:55 
--- Scanning markets at 2026-06-13 16:33:55 (Step 2/6) ---
2026-06-13 16:34:11 
--- Scanning markets at 2026-06-13 16:34:11 (Step 2/6) ---
2026-06-13 16:34:26 
--- Scanning markets at 2026-06-13 16:34:26 (Step 2/6) ---
2026-06-13 16:34:42 
--- Scanning markets at 2026-06-13 16:34:42 (Step 2/6) ---
2026-06-13 16:34:57 
--- Scanning markets at 2026-06-13 16:34:57 (Step 2/6) ---
2026-06-13 16:35:12 
--- Scanning markets at 2026-06-13 16:35:12 (Step 2/6) ---
2026-06-13 16:35:28 
--- Scanning markets at 2026-06-13 16:35:28 (Step 2/6) ---
2026-06-13 16:35:43 
--- Scanning markets at 2026-06-13 16:35:43 (Step 2/6) ---
2026-06-13 16:35:59 
--- Scanning markets at 2026-06-13 16:35:59 (Step 2/6) ---
2026-06-13 16:36:15 
--- Scanning markets at 2026-06-13 16:36:15 (Step 2/6) ---
2026-06-13 16:36:30 
--- Scanning markets at 2026-06-13 16:36:30 (Step 2/6) ---
2026-06-13 16:36:46 
--- Scanning markets at 2026-06-13 16:36:46 (Step 2/6) ---
2026-06-13 16:37:01 
--- Scanning markets at 2026-06-13 16:37:01 (Step 2/6) ---
2026-06-13 16:37:17 
--- Scanning markets at 2026-06-13 16:37:17 (Step 2/6) ---
2026-06-13 16:37:32 
--- Scanning markets at 2026-06-13 16:37:32 (Step 2/6) ---
2026-06-13 16:37:48 
--- Scanning markets at 2026-06-13 16:37:48 (Step 2/6) ---
2026-06-13 16:38:03 
--- Scanning markets at 2026-06-13 16:38:03 (Step 2/6) ---
2026-06-13 16:38:19 
--- Scanning markets at 2026-06-13 16:38:19 (Step 2/6) ---
2026-06-13 16:38:34 
--- Scanning markets at 2026-06-13 16:38:34 (Step 2/6) ---
2026-06-13 16:38:50 
--- Scanning markets at 2026-06-13 16:38:50 (Step 2/6) ---
2026-06-13 16:39:05 
--- Scanning markets at 2026-06-13 16:39:05 (Step 2/6) ---
2026-06-13 16:39:21 
--- Scanning markets at 2026-06-13 16:39:21 (Step 2/6) ---
2026-06-13 16:39:36 
--- Scanning markets at 2026-06-13 16:39:36 (Step 2/6) ---
2026-06-13 16:39:52 
--- Scanning markets at 2026-06-13 16:39:52 (Step 2/6) ---
2026-06-13 16:40:07 
--- Scanning markets at 2026-06-13 16:40:07 (Step 2/6) ---
2026-06-13 16:40:23 
--- Scanning markets at 2026-06-13 16:40:23 (Step 2/6) ---
2026-06-13 16:40:38 
--- Scanning markets at 2026-06-13 16:40:38 (Step 2/6) ---
2026-06-13 16:40:55 
--- Scanning markets at 2026-06-13 16:40:55 (Step 2/6) ---
2026-06-13 16:41:10 
--- Scanning markets at 2026-06-13 16:41:10 (Step 2/6) ---
2026-06-13 16:41:26 
--- Scanning markets at 2026-06-13 16:41:26 (Step 2/6) ---
2026-06-13 16:41:41 
--- Scanning markets at 2026-06-13 16:41:41 (Step 2/6) ---
2026-06-13 16:41:57 
--- Scanning markets at 2026-06-13 16:41:57 (Step 2/6) ---
2026-06-13 16:42:12 
--- Scanning markets at 2026-06-13 16:42:12 (Step 2/6) ---
2026-06-13 16:42:28 
--- Scanning markets at 2026-06-13 16:42:28 (Step 2/6) ---
2026-06-13 16:42:43 
--- Scanning markets at 2026-06-13 16:42:43 (Step 2/6) ---
2026-06-13 16:42:59 
--- Scanning markets at 2026-06-13 16:42:59 (Step 2/6) ---
2026-06-13 16:43:14 
--- Scanning markets at 2026-06-13 16:43:14 (Step 2/6) ---
2026-06-13 16:43:30 
--- Scanning markets at 2026-06-13 16:43:30 (Step 2/6) ---
2026-06-13 16:43:45 
--- Scanning markets at 2026-06-13 16:43:45 (Step 2/6) ---
2026-06-13 16:44:01 
--- Scanning markets at 2026-06-13 16:44:01 (Step 2/6) ---
2026-06-13 16:44:16 
--- Scanning markets at 2026-06-13 16:44:16 (Step 2/6) ---
2026-06-13 16:44:32 
--- Scanning markets at 2026-06-13 16:44:32 (Step 2/6) ---
2026-06-13 16:44:47 
--- Scanning markets at 2026-06-13 16:44:47 (Step 2/6) ---
2026-06-13 16:45:03 
--- Scanning markets at 2026-06-13 16:45:03 (Step 2/6) ---
2026-06-13 16:45:18 
--- Scanning markets at 2026-06-13 16:45:18 (Step 2/6) ---
2026-06-13 16:45:34 
--- Scanning markets at 2026-06-13 16:45:34 (Step 2/6) ---
2026-06-13 16:45:49 
--- Scanning markets at 2026-06-13 16:45:49 (Step 2/6) ---
2026-06-13 16:46:05 
--- Scanning markets at 2026-06-13 16:46:05 (Step 2/6) ---
2026-06-13 16:46:20 
--- Scanning markets at 2026-06-13 16:46:20 (Step 2/6) ---
2026-06-13 16:46:36 
--- Scanning markets at 2026-06-13 16:46:36 (Step 2/6) ---
2026-06-13 16:46:51 
--- Scanning markets at 2026-06-13 16:46:51 (Step 2/6) ---
2026-06-13 16:47:07 
--- Scanning markets at 2026-06-13 16:47:07 (Step 2/6) ---
2026-06-13 16:47:22 
--- Scanning markets at 2026-06-13 16:47:22 (Step 2/6) ---
2026-06-13 16:47:38 
--- Scanning markets at 2026-06-13 16:47:38 (Step 2/6) ---
2026-06-13 16:47:53 
--- Scanning markets at 2026-06-13 16:47:53 (Step 2/6) ---
2026-06-13 16:48:09 
--- Scanning markets at 2026-06-13 16:48:09 (Step 2/6) ---
2026-06-13 16:48:24 
--- Scanning markets at 2026-06-13 16:48:24 (Step 2/6) ---
2026-06-13 16:48:40 
--- Scanning markets at 2026-06-13 16:48:40 (Step 2/6) ---
2026-06-13 16:48:55 
--- Scanning markets at 2026-06-13 16:48:55 (Step 2/6) ---
2026-06-13 16:49:11 
--- Scanning markets at 2026-06-13 16:49:11 (Step 2/6) ---
2026-06-13 16:49:26 
--- Scanning markets at 2026-06-13 16:49:26 (Step 2/6) ---
2026-06-13 16:49:42 
--- Scanning markets at 2026-06-13 16:49:42 (Step 2/6) ---
2026-06-13 16:49:57 
--- Scanning markets at 2026-06-13 16:49:57 (Step 2/6) ---
2026-06-13 16:50:13 
--- Scanning markets at 2026-06-13 16:50:13 (Step 2/6) ---
2026-06-13 16:50:28 
--- Scanning markets at 2026-06-13 16:50:28 (Step 2/6) ---
2026-06-13 16:50:43 
--- Scanning markets at 2026-06-13 16:50:43 (Step 2/6) ---
2026-06-13 16:50:59 
--- Scanning markets at 2026-06-13 16:50:59 (Step 2/6) ---
2026-06-13 16:51:14 
--- Scanning markets at 2026-06-13 16:51:14 (Step 2/6) ---
2026-06-13 16:51:30 
--- Scanning markets at 2026-06-13 16:51:30 (Step 2/6) ---
2026-06-13 16:51:46 
--- Scanning markets at 2026-06-13 16:51:46 (Step 2/6) ---
2026-06-13 16:52:01 
--- Scanning markets at 2026-06-13 16:52:01 (Step 2/6) ---
2026-06-13 16:52:16 
--- Scanning markets at 2026-06-13 16:52:16 (Step 2/6) ---
2026-06-13 16:52:32 
--- Scanning markets at 2026-06-13 16:52:32 (Step 2/6) ---
2026-06-13 16:52:47 
--- Scanning markets at 2026-06-13 16:52:47 (Step 2/6) ---
2026-06-13 16:53:03 
--- Scanning markets at 2026-06-13 16:53:03 (Step 2/6) ---
2026-06-13 16:53:18 
--- Scanning markets at 2026-06-13 16:53:18 (Step 2/6) ---
2026-06-13 16:53:34 
--- Scanning markets at 2026-06-13 16:53:34 (Step 2/6) ---
2026-06-13 16:53:49 
--- Scanning markets at 2026-06-13 16:53:49 (Step 2/6) ---
2026-06-13 16:54:05 
--- Scanning markets at 2026-06-13 16:54:05 (Step 2/6) ---
2026-06-13 16:54:20 
--- Scanning markets at 2026-06-13 16:54:20 (Step 2/6) ---
2026-06-13 16:54:36 
--- Scanning markets at 2026-06-13 16:54:36 (Step 2/6) ---
2026-06-13 16:54:52 
--- Scanning markets at 2026-06-13 16:54:52 (Step 2/6) ---
2026-06-13 16:55:07 
--- Scanning markets at 2026-06-13 16:55:07 (Step 2/6) ---
2026-06-13 16:55:23 
--- Scanning markets at 2026-06-13 16:55:23 (Step 2/6) ---
2026-06-13 16:55:38 
--- Scanning markets at 2026-06-13 16:55:38 (Step 2/6) ---
2026-06-13 16:55:54 
--- Scanning markets at 2026-06-13 16:55:54 (Step 2/6) ---
2026-06-13 16:56:09 
--- Scanning markets at 2026-06-13 16:56:09 (Step 2/6) ---
2026-06-13 16:56:25 
--- Scanning markets at 2026-06-13 16:56:25 (Step 2/6) ---
2026-06-13 16:56:40 
--- Scanning markets at 2026-06-13 16:56:40 (Step 2/6) ---
2026-06-13 16:56:56 
--- Scanning markets at 2026-06-13 16:56:56 (Step 2/6) ---
2026-06-13 16:57:11 
--- Scanning markets at 2026-06-13 16:57:11 (Step 2/6) ---
2026-06-13 16:57:26 
--- Scanning markets at 2026-06-13 16:57:26 (Step 2/6) ---
2026-06-13 16:57:42 
--- Scanning markets at 2026-06-13 16:57:42 (Step 2/6) ---
2026-06-13 16:57:58 
--- Scanning markets at 2026-06-13 16:57:58 (Step 2/6) ---
2026-06-13 16:58:13 
--- Scanning markets at 2026-06-13 16:58:13 (Step 2/6) ---
2026-06-13 16:58:29 
--- Scanning markets at 2026-06-13 16:58:29 (Step 2/6) ---
2026-06-13 16:58:44 
--- Scanning markets at 2026-06-13 16:58:44 (Step 2/6) ---
2026-06-13 16:59:00 
--- Scanning markets at 2026-06-13 16:59:00 (Step 2/6) ---
2026-06-13 16:59:15 
--- Scanning markets at 2026-06-13 16:59:15 (Step 2/6) ---
2026-06-13 16:59:31 
--- Scanning markets at 2026-06-13 16:59:31 (Step 2/6) ---
2026-06-13 16:59:46 
--- Scanning markets at 2026-06-13 16:59:46 (Step 2/6) ---
2026-06-13 17:00:02 
--- Scanning markets at 2026-06-13 17:00:02 (Step 2/6) ---
2026-06-13 17:00:02 🎯 Trigger conditions met for: Ferroviário AC vs Fluminense-PI -> Ferroviário AC
2026-06-13 17:00:03 🚀 Bet Placed!
Step: 2/6
League: Brazil Serie D
Match: Ferroviário AC vs Fluminense-PI
Selection: Ferroviário AC
Action: back
Odds: 1.59
Stake: 0.3
Start Time: 22:00
2026-06-13 17:00:03 ⏳ Active bet track verified. Holding market checks until 110 minutes after kickoff (23:50 Athens time)...
2026-06-13 20:50:03 ⏰ 110 minutes elapsed since kickoff. Transitioning to minute-by-minute status tracking...
2026-06-13 20:51:03 Checking settlement for offer 33541313154000061 (matched)...
2026-06-13 20:52:04 Checking settlement for offer 33541313154000061 (matched)...
2026-06-13 20:53:04 Checking settlement for offer 33541313154000061 (matched)...
2026-06-13 20:54:04 Checking settlement for offer 33541313154000061 (matched)...
2026-06-13 20:55:05 Checking settlement for offer 33541313154000061 (matched)...
2026-06-13 20:56:05 Checking settlement for offer 33541313154000061 (matched)...
2026-06-13 20:57:05 Checking settlement for offer 33541313154000061 (settled-report)...
2026-06-13 20:57:05 Settled
Match: Ferroviário AC vs Fluminense-PI
Result: Won
Next step: 1/6
2026-06-13 20:57:21 
--- Scanning markets at 2026-06-13 20:57:21 (Step 1/6) ---
2026-06-13 20:57:21 🎯 Trigger conditions met for: Tampa Bay Rowdies vs Hartford Athletic FC -> Tampa Bay Rowdies
2026-06-13 20:57:21 🚀 Bet Placed!
Step: 1/6
League: US USL Championship
Match: Tampa Bay Rowdies vs Hartford Athletic FC
Selection: Tampa Bay Rowdies
Action: back
Odds: 1.52
Stake: 0.1
Start Time: 02:30
2026-06-13 20:57:22 ⏳ Active bet track verified. Holding market checks until 110 minutes after kickoff (04:20 Athens time)...
2026-06-14 01:20:22 ⏰ 110 minutes elapsed since kickoff. Transitioning to minute-by-minute status tracking...
2026-06-14 01:21:22 Checking settlement for offer 33542737036100061 (not_found)...
2026-06-14 01:22:23 Checking settlement for offer 33542737036100061 (not_found)...
2026-06-14 01:23:23 Checking settlement for offer 33542737036100061 (not_found)...
2026-06-14 01:24:23 Checking settlement for offer 33542737036100061 (not_found)...
2026-06-14 01:25:24 Checking settlement for offer 33542737036100061 (not_found)...
2026-06-14 01:26:24 Checking settlement for offer 33542737036100061 (not_found)...
2026-06-14 01:27:26 Checking settlement for offer 33542737036100061 (not_found)...
2026-06-14 01:28:26 Checking settlement for offer 33542737036100061 (not_found)...
2026-06-14 01:29:26 Checking settlement for offer 33542737036100061 (not_found)...
2026-06-14 01:30:27 Checking settlement for offer 33542737036100061 (not_found)...
2026-06-14 01:31:27 Checking settlement for offer 33542737036100061 (not_found)...
2026-06-14 01:32:28 Checking settlement for offer 33542737036100061 (not_found)...
2026-06-14 01:33:28 Checking settlement for offer 33542737036100061 (not_found)...
2026-06-14 01:34:28 Checking settlement for offer 33542737036100061 (not_found)...
2026-06-14 01:35:29 Checking settlement for offer 33542737036100061 (not_found)...
2026-06-14 01:36:29 Checking settlement for offer 33542737036100061 (not_found)...
2026-06-14 01:37:29 Checking settlement for offer 33542737036100061 (not_found)...
2026-06-14 01:38:29 Checking settlement for offer 33542737036100061 (not_found)...
2026-06-14 01:39:30 Checking settlement for offer 33542737036100061 (not_found)...
2026-06-14 01:40:30 Checking settlement for offer 33542737036100061 (not_found)...
2026-06-14 01:41:31 Checking settlement for offer 33542737036100061 (not_found)...
2026-06-14 01:42:31 Checking settlement for offer 33542737036100061 (not_found)...
2026-06-14 01:43:31 Checking settlement for offer 33542737036100061 (not_found)...
2026-06-14 01:44:32 Checking settlement for offer 33542737036100061 (not_found)...
2026-06-14 01:45:32 Checking settlement for offer 33542737036100061 (not_found)...
2026-06-14 01:46:32 Checking settlement for offer 33542737036100061 (not_found)...
2026-06-14 01:47:33 Checking settlement for offer 33542737036100061 (not_found)...
2026-06-14 01:48:33 Checking settlement for offer 33542737036100061 (not_found)...
2026-06-14 01:49:34 Checking settlement for offer 33542737036100061 (not_found)...
2026-06-14 01:50:34 Checking settlement for offer 33542737036100061 (not_found)...
2026-06-14 01:51:34 Checking settlement for offer 33542737036100061 (not_found)...
2026-06-14 01:52:35 Checking settlement for offer 33542737036100061 (not_found)...
2026-06-14 01:53:35 Checking settlement for offer 33542737036100061 (not_found)...
2026-06-14 01:54:35 Checking settlement for offer 33542737036100061 (not_found)...
2026-06-14 01:55:36 Checking settlement for offer 33542737036100061 (not_found)...
2026-06-14 01:56:36 Checking settlement for offer 33542737036100061 (not_found)...
2026-06-14 01:57:36 Checking settlement for offer 33542737036100061 (not_found)...
2026-06-14 01:58:37 Checking settlement for offer 33542737036100061 (not_found)...
2026-06-14 01:59:37 Checking settlement for offer 33542737036100061 (not_found)...
2026-06-14 02:00:37 Checking settlement for offer 33542737036100061 (not_found)...
2026-06-14 02:01:38 Checking settlement for offer 33542737036100061 (not_found)...
2026-06-14 02:02:38 Checking settlement for offer 33542737036100061 (not_found)...
2026-06-14 02:03:38 Checking settlement for offer 33542737036100061 (not_found)...
2026-06-14 02:04:39 Checking settlement for offer 33542737036100061 (not_found)...
2026-06-14 02:05:39 Checking settlement for offer 33542737036100061 (not_found)...
2026-06-14 02:06:39 Checking settlement for offer 33542737036100061 (not_found)...
2026-06-14 02:07:41 Checking settlement for offer 33542737036100061 (not_found)...
2026-06-14 02:08:42 Checking settlement for offer 33542737036100061 (not_found)...
2026-06-14 02:09:42 Checking settlement for offer 33542737036100061 (not_found)...
2026-06-14 02:10:43 Checking settlement for offer 33542737036100061 (not_found)...
2026-06-14 02:11:43 Checking settlement for offer 33542737036100061 (not_found)...
2026-06-14 02:12:43 Checking settlement for offer 33542737036100061 (not_found)...
2026-06-14 02:13:44 Checking settlement for offer 33542737036100061 (not_found)...
2026-06-14 02:14:44 Checking settlement for offer 33542737036100061 (not_found)...
2026-06-14 02:15:44 Checking settlement for offer 33542737036100061 (not_found)...
2026-06-14 02:16:45 Checking settlement for offer 33542737036100061 (not_found)...
2026-06-14 02:17:45 Checking settlement for offer 33542737036100061 (not_found)...
2026-06-14 02:18:45 Checking settlement for offer 33542737036100061 (not_found)...
2026-06-14 02:19:46 Checking settlement for offer 33542737036100061 (not_found)...
2026-06-14 02:20:46 Checking settlement for offer 33542737036100061 (not_found)...
2026-06-14 02:21:46 Checking settlement for offer 33542737036100061 (not_found)...
2026-06-14 02:22:47 Checking settlement for offer 33542737036100061 (not_found)...
2026-06-14 02:23:47 Checking settlement for offer 33542737036100061 (not_found)...
2026-06-14 02:24:47 Checking settlement for offer 33542737036100061 (not_found)...
2026-06-14 02:25:48 Checking settlement for offer 33542737036100061 (not_found)...
2026-06-14 02:26:48 Checking settlement for offer 33542737036100061 (not_found)...
2026-06-14 02:27:48 Checking settlement for offer 33542737036100061 (not_found)...
2026-06-14 02:28:49 Checking settlement for offer 33542737036100061 (not_found)...
2026-06-14 02:29:49 Checking settlement for offer 33542737036100061 (not_found)...
2026-06-14 02:30:49 Checking settlement for offer 33542737036100061 (not_found)...
2026-06-14 02:31:50 Checking settlement for offer 33542737036100061 (not_found)...
2026-06-14 02:32:50 Checking settlement for offer 33542737036100061 (not_found)...
2026-06-14 02:33:51 Checking settlement for offer 33542737036100061 (not_found)...
2026-06-14 02:34:51 Checking settlement for offer 33542737036100061 (not_found)...
2026-06-14 02:35:51 Checking settlement for offer 33542737036100061 (not_found)...
2026-06-14 02:36:52 Checking settlement for offer 33542737036100061 (not_found)...
2026-06-14 02:37:52 Checking settlement for offer 33542737036100061 (not_found)...
2026-06-14 02:38:52 Checking settlement for offer 33542737036100061 (not_found)...
2026-06-14 02:39:52 Checking settlement for offer 33542737036100061 (not_found)...
2026-06-14 02:40:53 Checking settlement for offer 33542737036100061 (not_found)...
2026-06-14 02:41:53 Checking settlement for offer 33542737036100061 (not_found)...
2026-06-14 02:42:54 Checking settlement for offer 33542737036100061 (not_found)...
2026-06-14 02:43:54 Checking settlement for offer 33542737036100061 (not_found)...
2026-06-14 02:44:54 Checking settlement for offer 33542737036100061 (not_found)...
2026-06-14 02:45:55 Checking settlement for offer 33542737036100061 (not_found)...
2026-06-14 02:46:55 Checking settlement for offer 33542737036100061 (not_found)...
2026-06-14 02:47:55 Checking settlement for offer 33542737036100061 (not_found)...
2026-06-14 02:48:56 Checking settlement for offer 33542737036100061 (not_found)...
2026-06-14 02:49:56 Checking settlement for offer 33542737036100061 (not_found)...
2026-06-14 02:50:56 Checking settlement for offer 33542737036100061 (not_found)...
2026-06-14 02:51:57 Checking settlement for offer 33542737036100061 (not_found)...
2026-06-14 02:52:57 Checking settlement for offer 33542737036100061 (not_found)...
2026-06-14 02:53:57 Checking settlement for offer 33542737036100061 (not_found)...
2026-06-14 02:54:58 Checking settlement for offer 33542737036100061 (not_found)...
2026-06-14 02:55:58 Checking settlement for offer 33542737036100061 (not_found)...
2026-06-14 02:56:58 Checking settlement for offer 33542737036100061 (not_found)...
2026-06-14 02:57:59 Checking settlement for offer 33542737036100061 (not_found)...
2026-06-14 02:58:59 Checking settlement for offer 33542737036100061 (not_found)...
2026-06-14 02:59:59 Checking settlement for offer 33542737036100061 (not_found)...
2026-06-14 03:01:00 Checking settlement for offer 33542737036100061 (not_found)...
2026-06-14 03:02:00 Checking settlement for offer 33542737036100061 (not_found)...
2026-06-14 03:03:01 Checking settlement for offer 33542737036100061 (not_found)...
2026-06-14 03:04:01 Checking settlement for offer 33542737036100061 (not_found)...
2026-06-14 03:05:01 Checking settlement for offer 33542737036100061 (not_found)...
2026-06-14 03:06:02 Checking settlement for offer 33542737036100061 (not_found)...
2026-06-14 03:07:02 Checking settlement for offer 33542737036100061 (not_found)...
2026-06-14 03:08:02 Checking settlement for offer 33542737036100061 (not_found)...
2026-06-14 03:09:03 Checking settlement for offer 33542737036100061 (not_found)...
2026-06-14 03:10:03 Checking settlement for offer 33542737036100061 (not_found)...
2026-06-14 03:11:03 Checking settlement for offer 33542737036100061 (not_found)...
2026-06-14 03:12:04 Checking settlement for offer 33542737036100061 (not_found)...
2026-06-14 03:13:04 Checking settlement for offer 33542737036100061 (not_found)...
2026-06-14 03:14:04 Checking settlement for offer 33542737036100061 (not_found)...
2026-06-14 03:15:05 Checking settlement for offer 33542737036100061 (not_found)...
2026-06-14 03:16:05 Checking settlement for offer 33542737036100061 (not_found)...
2026-06-14 03:17:05 Checking settlement for offer 33542737036100061 (not_found)...
2026-06-14 03:18:06 Checking settlement for offer 33542737036100061 (not_found)...
2026-06-14 03:19:06 Checking settlement for offer 33542737036100061 (not_found)...
2026-06-14 03:20:07 Checking settlement for offer 33542737036100061 (not_found)...
2026-06-14 03:21:07 Checking settlement for offer 33542737036100061 (not_found)...
2026-06-14 03:22:07 Checking settlement for offer 33542737036100061 (not_found)...
2026-06-14 03:23:08 Checking settlement for offer 33542737036100061 (not_found)...
2026-06-14 03:24:08 Checking settlement for offer 33542737036100061 (not_found)...
2026-06-14 03:25:08 Checking settlement for offer 33542737036100061 (not_found)...
2026-06-14 03:26:09 Checking settlement for offer 33542737036100061 (not_found)...
2026-06-14 03:27:09 Checking settlement for offer 33542737036100061 (not_found)...
2026-06-14 03:28:09 Checking settlement for offer 33542737036100061 (not_found)...
2026-06-14 03:29:10 Checking settlement for offer 33542737036100061 (not_found)...
2026-06-14 03:30:10 Checking settlement for offer 33542737036100061 (not_found)...
2026-06-14 03:31:10 Checking settlement for offer 33542737036100061 (not_found)...
2026-06-14 03:32:11 Checking settlement for offer 33542737036100061 (not_found)...
2026-06-14 03:33:11 Checking settlement for offer 33542737036100061 (not_found)...
2026-06-14 03:34:11 Checking settlement for offer 33542737036100061 (not_found)...
2026-06-14 03:35:12 Checking settlement for offer 33542737036100061 (not_found)...
2026-06-14 03:36:12 Checking settlement for offer 33542737036100061 (not_found)...
2026-06-14 03:37:13 Checking settlement for offer 33542737036100061 (not_found)...
2026-06-14 03:38:13 Checking settlement for offer 33542737036100061 (not_found)...
2026-06-14 03:39:13 Checking settlement for offer 33542737036100061 (not_found)...
2026-06-14 03:40:14 Checking settlement for offer 33542737036100061 (not_found)...
2026-06-14 03:41:14 Checking settlement for offer 33542737036100061 (not_found)...
2026-06-14 03:42:14 Checking settlement for offer 33542737036100061 (not_found)...
2026-06-14 03:43:15 Checking settlement for offer 33542737036100061 (not_found)...
2026-06-14 03:44:15 Checking settlement for offer 33542737036100061 (not_found)...
2026-06-14 03:45:16 Checking settlement for offer 33542737036100061 (not_found)...
2026-06-14 03:46:16 Checking settlement for offer 33542737036100061 (not_found)...
2026-06-14 03:47:16 Checking settlement for offer 33542737036100061 (not_found)...
2026-06-14 03:48:17 Checking settlement for offer 33542737036100061 (not_found)...
2026-06-14 03:49:17 Checking settlement for offer 33542737036100061 (not_found)...
2026-06-14 03:50:17 Checking settlement for offer 33542737036100061 (not_found)...
2026-06-14 03:51:18 Checking settlement for offer 33542737036100061 (not_found)...
2026-06-14 03:52:18 Checking settlement for offer 33542737036100061 (not_found)...
2026-06-14 03:53:18 Checking settlement for offer 33542737036100061 (not_found)...
2026-06-14 03:54:18 Checking settlement for offer 33542737036100061 (not_found)...
2026-06-14 03:55:19 Checking settlement for offer 33542737036100061 (not_found)...
2026-06-14 03:56:19 Checking settlement for offer 33542737036100061 (not_found)...
2026-06-14 03:57:19 Checking settlement for offer 33542737036100061 (not_found)...
2026-06-14 03:58:20 Checking settlement for offer 33542737036100061 (not_found)...
2026-06-14 03:59:20 Checking settlement for offer 33542737036100061 (not_found)...
2026-06-14 04:00:20 Checking settlement for offer 33542737036100061 (not_found)...
2026-06-14 04:01:21 Checking settlement for offer 33542737036100061 (not_found)...
2026-06-14 04:02:21 Checking settlement for offer 33542737036100061 (not_found)...
2026-06-14 04:03:21 Checking settlement for offer 33542737036100061 (not_found)...
2026-06-14 04:04:22 Checking settlement for offer 33542737036100061 (not_found)...
2026-06-14 04:05:22 Checking settlement for offer 33542737036100061 (not_found)...
2026-06-14 04:06:22 Checking settlement for offer 33542737036100061 (not_found)...
2026-06-14 04:07:23 Checking settlement for offer 33542737036100061 (not_found)...
2026-06-14 04:08:23 Checking settlement for offer 33542737036100061 (not_found)...
2026-06-14 04:09:24 Checking settlement for offer 33542737036100061 (not_found)...
2026-06-14 04:10:24 Checking settlement for offer 33542737036100061 (not_found)...
2026-06-14 04:11:24 Checking settlement for offer 33542737036100061 (not_found)...
2026-06-14 04:12:25 Checking settlement for offer 33542737036100061 (not_found)...
2026-06-14 04:13:25 Checking settlement for offer 33542737036100061 (not_found)...
2026-06-14 04:14:25 Checking settlement for offer 33542737036100061 (not_found)...
2026-06-14 04:15:26 Checking settlement for offer 33542737036100061 (not_found)...
2026-06-14 04:16:26 Checking settlement for offer 33542737036100061 (not_found)...
2026-06-14 04:17:26 Checking settlement for offer 33542737036100061 (not_found)...
2026-06-14 04:18:27 Checking settlement for offer 33542737036100061 (not_found)...
2026-06-14 04:19:27 Checking settlement for offer 33542737036100061 (not_found)...
2026-06-14 04:20:27 Checking settlement for offer 33542737036100061 (not_found)...
2026-06-14 04:21:28 Checking settlement for offer 33542737036100061 (not_found)...
2026-06-14 04:22:28 Checking settlement for offer 33542737036100061 (not_found)...
2026-06-14 04:23:28 Checking settlement for offer 33542737036100061 (not_found)...
2026-06-14 04:24:29 Checking settlement for offer 33542737036100061 (not_found)...
2026-06-14 04:25:29 Checking settlement for offer 33542737036100061 (not_found)...
2026-06-14 04:26:29 Checking settlement for offer 33542737036100061 (not_found)...
2026-06-14 04:27:30 Checking settlement for offer 33542737036100061 (not_found)...
2026-06-14 04:28:30 Checking settlement for offer 33542737036100061 (not_found)...
2026-06-14 04:29:30 Checking settlement for offer 33542737036100061 (not_found)...
2026-06-14 04:30:31 Checking settlement for offer 33542737036100061 (not_found)...
2026-06-14 04:31:31 Checking settlement for offer 33542737036100061 (not_found)...
2026-06-14 04:32:31 Checking settlement for offer 33542737036100061 (not_found)...
2026-06-14 04:33:32 Checking settlement for offer 33542737036100061 (not_found)...
2026-06-14 04:34:32 Checking settlement for offer 33542737036100061 (not_found)...
2026-06-14 04:35:32 Checking settlement for offer 33542737036100061 (not_found)...
2026-06-14 04:36:33 Checking settlement for offer 33542737036100061 (not_found)...
2026-06-14 04:37:33 Checking settlement for offer 33542737036100061 (not_found)...
2026-06-14 04:38:33 Checking settlement for offer 33542737036100061 (not_found)...
2026-06-14 04:39:34 Checking settlement for offer 33542737036100061 (not_found)...
2026-06-14 04:40:34 Checking settlement for offer 33542737036100061 (not_found)...
2026-06-14 04:41:34 Checking settlement for offer 33542737036100061 (not_found)...
2026-06-14 04:42:35 Checking settlement for offer 33542737036100061 (not_found)...
2026-06-14 04:43:35 Checking settlement for offer 33542737036100061 (not_found)...
2026-06-14 04:44:35 Checking settlement for offer 33542737036100061 (not_found)...
2026-06-14 04:45:36 Checking settlement for offer 33542737036100061 (not_found)...
2026-06-14 04:46:36 Checking settlement for offer 33542737036100061 (not_found)...
2026-06-14 04:47:37 Checking settlement for offer 33542737036100061 (not_found)...
2026-06-14 04:48:37 Checking settlement for offer 33542737036100061 (not_found)...
2026-06-14 04:49:37 Checking settlement for offer 33542737036100061 (not_found)...
2026-06-14 04:50:37 Checking settlement for offer 33542737036100061 (not_found)...
2026-06-14 04:51:38 Checking settlement for offer 33542737036100061 (not_found)...
2026-06-14 04:52:38 Checking settlement for offer 33542737036100061 (not_found)...
2026-06-14 04:53:38 Checking settlement for offer 33542737036100061 (not_found)...
2026-06-14 04:54:39 Checking settlement for offer 33542737036100061 (not_found)...
2026-06-14 04:55:39 Checking settlement for offer 33542737036100061 (not_found)...
2026-06-14 04:56:40 Checking settlement for offer 33542737036100061 (not_found)...
2026-06-14 04:57:40 Checking settlement for offer 33542737036100061 (not_found)...
2026-06-14 04:58:40 Checking settlement for offer 33542737036100061 (not_found)...
2026-06-14 04:59:41 Checking settlement for offer 33542737036100061 (not_found)...
2026-06-14 05:00:41 Checking settlement for offer 33542737036100061 (not_found)...
2026-06-14 05:01:41 Checking settlement for offer 33542737036100061 (not_found)...
2026-06-14 05:02:42 Checking settlement for offer 33542737036100061 (not_found)...
2026-06-14 05:03:42 Checking settlement for offer 33542737036100061 (not_found)...
2026-06-14 05:04:42 Checking settlement for offer 33542737036100061 (not_found)...
2026-06-14 05:05:43 Checking settlement for offer 33542737036100061 (not_found)...
2026-06-14 05:06:43 Checking settlement for offer 33542737036100061 (not_found)...
2026-06-14 05:07:44 Checking settlement for offer 33542737036100061 (not_found)...
2026-06-14 05:08:44 Checking settlement for offer 33542737036100061 (not_found)...
2026-06-14 05:09:44 Checking settlement for offer 33542737036100061 (not_found)...
2026-06-14 05:10:45 Checking settlement for offer 33542737036100061 (not_found)...
2026-06-14 05:11:45 Checking settlement for offer 33542737036100061 (not_found)...
2026-06-14 05:12:46 Checking settlement for offer 33542737036100061 (not_found)...
2026-06-14 05:13:46 Checking settlement for offer 33542737036100061 (not_found)...
2026-06-14 05:14:46 Checking settlement for offer 33542737036100061 (not_found)...
2026-06-14 05:15:47 Checking settlement for offer 33542737036100061 (not_found)...
2026-06-14 05:16:47 Checking settlement for offer 33542737036100061 (not_found)...
2026-06-14 05:17:47 Checking settlement for offer 33542737036100061 (not_found)...
2026-06-14 05:18:48 Checking settlement for offer 33542737036100061 (not_found)...
2026-06-14 05:19:48 Checking settlement for offer 33542737036100061 (not_found)...
2026-06-14 05:20:48 Checking settlement for offer 33542737036100061 (not_found)...
2026-06-14 05:21:49 Checking settlement for offer 33542737036100061 (not_found)...
2026-06-14 05:22:49 Checking settlement for offer 33542737036100061 (not_found)...
2026-06-14 05:23:49 Checking settlement for offer 33542737036100061 (not_found)...
2026-06-14 05:24:50 Checking settlement for offer 33542737036100061 (not_found)...
2026-06-14 05:25:50 Checking settlement for offer 33542737036100061 (not_found)...
2026-06-14 05:26:51 Checking settlement for offer 33542737036100061 (not_found)...
2026-06-14 05:27:51 Checking settlement for offer 33542737036100061 (not_found)...
2026-06-14 05:28:51 Checking settlement for offer 33542737036100061 (not_found)...
2026-06-14 05:29:52 Checking settlement for offer 33542737036100061 (not_found)...
2026-06-14 05:30:52 Checking settlement for offer 33542737036100061 (not_found)...
2026-06-14 05:31:52 Checking settlement for offer 33542737036100061 (not_found)...
2026-06-14 05:32:53 Checking settlement for offer 33542737036100061 (not_found)...
2026-06-14 05:33:53 Checking settlement for offer 33542737036100061 (not_found)...
2026-06-14 05:34:53 Checking settlement for offer 33542737036100061 (not_found)...
2026-06-14 05:35:54 Checking settlement for offer 33542737036100061 (not_found)...
2026-06-14 05:36:54 Checking settlement for offer 33542737036100061 (not_found)...
2026-06-14 05:37:54 Checking settlement for offer 33542737036100061 (not_found)...
2026-06-14 05:38:55 Checking settlement for offer 33542737036100061 (not_found)...
2026-06-14 05:39:55 Checking settlement for offer 33542737036100061 (not_found)...
2026-06-14 05:40:56 Checking settlement for offer 33542737036100061 (not_found)...
2026-06-14 05:41:56 Checking settlement for offer 33542737036100061 (not_found)...
2026-06-14 05:42:56 Checking settlement for offer 33542737036100061 (not_found)...
2026-06-14 05:43:57 Checking settlement for offer 33542737036100061 (not_found)...
2026-06-14 05:44:57 Checking settlement for offer 33542737036100061 (not_found)...
2026-06-14 05:45:54 Log file: /app/logs/bot.log
2026-06-14 05:45:54 Starting automated execution strategy loop...
2026-06-14 05:45:55 Config loaded: mode=production, max_steps=6, odds 1.45-1.6, stake step 1=0.1
2026-06-14 05:45:55 🔄 Recovered existing active bet profile for: Tampa Bay Rowdies vs Hartford Athletic FC
2026-06-14 05:45:55 ⏰ 110 minutes elapsed since kickoff. Transitioning to minute-by-minute status tracking...
2026-06-14 05:46:55 Checking settlement for offer 33542737036100061 (settled-report)...
2026-06-14 05:46:55 Settled
Match: Tampa Bay Rowdies vs Hartford Athletic FC
Result: Lost
Next step: 2/6
2026-06-14 05:47:11 
--- Scanning markets at 2026-06-14 05:47:11 (Step 2/6) ---
2026-06-14 05:47:11 🎯 Trigger conditions met for: PK Keski-Uusimaa vs TPV -> PK Keski-Uusimaa
2026-06-14 05:47:11 🚀 Bet Placed!
Step: 2/6
League: Finland Ykkönen
Match: PK Keski-Uusimaa vs TPV
Selection: PK Keski-Uusimaa
Action: back
Odds: 1.54
Stake: 0.3
Start Time: 14:00
2026-06-14 05:47:12 ⏳ Active bet track verified. Holding market checks until 110 minutes after kickoff (15:50 Athens time)...
2026-06-14 06:56:04 Log file: /app/logs/bot.log
2026-06-14 06:56:04 Starting automated execution strategy loop...
2026-06-14 06:56:04 Config loaded: mode=production, max_steps=6, odds 1.45-1.6, stake step 1=0.1
2026-06-14 06:56:04 🔄 Recovered existing active bet profile for: PK Keski-Uusimaa vs TPV
2026-06-14 06:56:04 ⏳ Active bet track verified. Holding market checks until 110 minutes after kickoff (15:50 Athens time)...
2026-06-14 12:50:04 ⏰ 110 minutes elapsed since kickoff. Transitioning to minute-by-minute status tracking...
2026-06-14 12:51:04 🔄 Session token is older than 4 hours. Executing proactive background refresh...
2026-06-14 12:51:05 Checking settlement for offer 33545916034700022 (matched)...
2026-06-14 12:52:06 Checking settlement for offer 33545916034700022 (matched)...
2026-06-14 12:53:06 Checking settlement for offer 33545916034700022 (matched)...
2026-06-14 12:54:06 Checking settlement for offer 33545916034700022 (settled-report)...
2026-06-14 12:54:06 Settled
Match: PK Keski-Uusimaa vs TPV
Result: Lost
Next step: 3/6
2026-06-14 12:54:21 
--- Scanning markets at 2026-06-14 12:54:21 (Step 3/6) ---
2026-06-14 12:54:22 🎯 Trigger conditions met for: EC Juventude vs Atlética Ponte Preta -> EC Juventude
2026-06-14 12:54:22 🚀 Bet Placed!
Step: 3/6
League: Brazil Serie B
Match: EC Juventude vs Atlética Ponte Preta
Selection: EC Juventude
Action: back
Odds: 1.49
Stake: 0.9
Start Time: 17:00
2026-06-14 12:54:22 ⏳ Active bet track verified. Holding market checks until 110 minutes after kickoff (18:50 Athens time)...
