Script started
Script started
Script started
Script started
Script started
Script started
Script started
Notification sent.
Script started
Notification sent.
Script started
Match not started yet.
Notification sent.
Script started
Match not started yet.
Notification sent.
Step: 1
Match: U. Catolica vs Universidad de Concepcion
Status: NS
Start (Local): 2026-06-15 00:30:00
Score: None - None (None')
Step: 1
Match: U. Catolica vs Universidad de Concepcion
Status: NS
Start (Local): 2026-06-15 00:30:00
Score: None - None (None')
Step: 1
Match: U. Catolica vs Universidad de Concepcion
Status: NS
Start (Local): 2026-06-15 00:30:00
Score: None - None (None')
Step: 1
Match: U. Catolica vs Universidad de Concepcion
Status: NS
Start (Local): 2026-06-15 00:30:00
Score: None - None (None')
Step: 1
Match: U. Catolica vs Universidad de Concepcion
Status: 1H
Start (Local): 2026-06-15 00:30:00
Score: 0 - 0 (10')
Step: 1
Match: U. Catolica vs Universidad de Concepcion
Status: 1H
Start (Local): 2026-06-15 00:30:00
Score: 0 - 0 (20')
Step: 1
Match: U. Catolica vs Universidad de Concepcion
Status: 1H
Start (Local): 2026-06-15 00:30:00
Score: 1 - 0 (29')
Step: 1
Match: U. Catolica vs Universidad de Concepcion
Status: 1H
Start (Local): 2026-06-15 00:30:00
Score: 1 - 0 (39')
Step: 1
Match: U. Catolica vs Universidad de Concepcion
Status: 1H
Start (Local): 2026-06-15 00:30:00
Score: 2 - 1 (45')
Step: 1
Match: U. Catolica vs Universidad de Concepcion
Status: HT
Start (Local): 2026-06-15 00:30:00
Score: 2 - 1 (45')
Step: 1
Match: U. Catolica vs Universidad de Concepcion
Status: HT
Start (Local): 2026-06-15 00:30:00
Score: 2 - 1 (45')
Step: 1
Match: U. Catolica vs Universidad de Concepcion
Status: 2H
Start (Local): 2026-06-15 00:30:00
Score: 2 - 1 (54')
Step: 1
Match: U. Catolica vs Universidad de Concepcion
Status: 2H
Start (Local): 2026-06-15 00:30:00
Score: 3 - 1 (64')
Step: 1
Match: U. Catolica vs Universidad de Concepcion
Status: 2H
Start (Local): 2026-06-15 00:30:00
Score: 4 - 1 (74')
Step: 1
Match: U. Catolica vs Universidad de Concepcion
Status: 2H
Start (Local): 2026-06-15 00:30:00
Score: 5 - 1 (84')
Step: 1
Match: U. Catolica vs Universidad de Concepcion
Status: FT
Start (Local): 2026-06-15 00:30:00
Score: 5 - 1 (90')
Step: 1
Match: U. Catolica vs Universidad de Concepcion
Status: FT
Start (Local): 2026-06-15 00:30:00
Score: 5 - 1 (90')
Step: 1
Match: U. Catolica vs Universidad de Concepcion
Status: FT
Start (Local): 2026-06-15 00:30:00
Score: 5 - 1 (90')
Step: 1
Match: U. Catolica vs Universidad de Concepcion
Status: FT
Start (Local): 2026-06-15 00:30:00
Score: 5 - 1 (90')
Step: 1
Match: U. Catolica vs Universidad de Concepcion
Status: FT
Start (Local): 2026-06-15 00:30:00
Score: 5 - 1 (90')
Step: 1
Match: U. Catolica vs Universidad de Concepcion
Status: FT
Start (Local): 2026-06-15 00:30:00
Score: 5 - 1 (90')
Step: 1
Match: U. Catolica vs Universidad de Concepcion
Status: FT
Start (Local): 2026-06-15 00:30:00
Score: 5 - 1 (90')
Step: 1
Match: U. Catolica vs Universidad de Concepcion
Status: FT
Start (Local): 2026-06-15 00:30:00
Score: 5 - 1 (90')
Step: 1
Match: U. Catolica vs Universidad de Concepcion
Status: FT
Start (Local): 2026-06-15 00:30:00
Score: 5 - 1 (90')
Step: 1
Match: U. Catolica vs Universidad de Concepcion
Status: FT
Start (Local): 2026-06-15 00:30:00
Score: 5 - 1 (90')
Step: 1
Match: U. Catolica vs Universidad de Concepcion
Status: FT
Start (Local): 2026-06-15 00:30:00
Score: 5 - 1 (90')
Step: 1
Match: U. Catolica vs Universidad de Concepcion
Status: FT
Start (Local): 2026-06-15 00:30:00
Score: 5 - 1 (90')
Step: 1
Match: U. Catolica vs Universidad de Concepcion
Status: FT
Start (Local): 2026-06-15 00:30:00
Score: 5 - 1 (90')
Step: 1
Match: U. Catolica vs Universidad de Concepcion
Status: FT
Start (Local): 2026-06-15 00:30:00
Score: 5 - 1 (90')
Step: 1
Match: U. Catolica vs Universidad de Concepcion
Status: FT
Start (Local): 2026-06-15 00:30:00
Score: 5 - 1 (90')
Step: 1
Match: U. Catolica vs Universidad de Concepcion
Status: FT
Start (Local): 2026-06-15 00:30:00
Score: 5 - 1 (90')
Step: 1
Match: U. Catolica vs Universidad de Concepcion
Status: FT
Start (Local): 2026-06-15 00:30:00
Score: 5 - 1 (90')
Step: 1
Match: U. Catolica vs Universidad de Concepcion
Status: FT
Start (Local): 2026-06-15 00:30:00
Score: 5 - 1 (90')
Step: 1
Match: U. Catolica vs Universidad de Concepcion
Status: FT
Start (Local): 2026-06-15 00:30:00
Score: 5 - 1 (90')
Step: 1
Match: U. Catolica vs Universidad de Concepcion
Status: FT
Start (Local): 2026-06-15 00:30:00
Score: 5 - 1 (90')
Step: 1
Match: U. Catolica vs Universidad de Concepcion
Status: FT
Start (Local): 2026-06-15 00:30:00
Score: 5 - 1 (90')
Step: 1
Match: U. Catolica vs Universidad de Concepcion
Status: FT
Start (Local): 2026-06-15 00:30:00
Score: 5 - 1 (90')
Step: 1
Match: U. Catolica vs Universidad de Concepcion
Status: FT
Start (Local): 2026-06-15 00:30:00
Score: 5 - 1 (90')
Step: 1
Match: U. Catolica vs Universidad de Concepcion
Status: FT
Start (Local): 2026-06-15 00:30:00
Score: 5 - 1 (90')
Step: 1
Match: U. Catolica vs Universidad de Concepcion
Status: FT
Start (Local): 2026-06-15 00:30:00
Score: 5 - 1 (90')
Step: 1
Match: U. Catolica vs Universidad de Concepcion
Status: FT
Start (Local): 2026-06-15 00:30:00
Score: 5 - 1 (90')
Step: 1
Match: U. Catolica vs Universidad de Concepcion
Status: FT
Start (Local): 2026-06-15 00:30:00
Score: 5 - 1 (90')
Step: 1
Match: U. Catolica vs Universidad de Concepcion
Status: FT
Start (Local): 2026-06-15 00:30:00
Score: 5 - 1 (90')
Step: 1
Match: U. Catolica vs Universidad de Concepcion
Status: FT
Start (Local): 2026-06-15 00:30:00
Score: 5 - 1 (90')
Step: 1
Match: U. Catolica vs Universidad de Concepcion
Status: FT
Start (Local): 2026-06-15 00:30:00
Score: 5 - 1 (90')
Step: 1
Match: U. Catolica vs Universidad de Concepcion
Status: FT
Start (Local): 2026-06-15 00:30:00
Score: 5 - 1 (90')
Step: 1
Match: U. Catolica vs Universidad de Concepcion
Status: FT
Start (Local): 2026-06-15 00:30:00
Score: 5 - 1 (90')
Step: 1
Match: U. Catolica vs Universidad de Concepcion
Status: FT
Start (Local): 2026-06-15 00:30:00
Score: 5 - 1 (90')
Step: 1
Match: U. Catolica vs Universidad de Concepcion
Status: FT
Start (Local): 2026-06-15 00:30:00
Score: 5 - 1 (90')
Step: 1
Match: U. Catolica vs Universidad de Concepcion
Status: FT
Start (Local): 2026-06-15 00:30:00
Score: 5 - 1 (90')
Step: 1
Match: U. Catolica vs Universidad de Concepcion
Status: FT
Start (Local): 2026-06-15 00:30:00
Score: 5 - 1 (90')
Step: 1
Match: U. Catolica vs Universidad de Concepcion
Status: FT
Start (Local): 2026-06-15 00:30:00
Score: 5 - 1 (90')
Step: 1
Match: U. Catolica vs Universidad de Concepcion
Status: FT
Start (Local): 2026-06-15 00:30:00
Score: 5 - 1 (90')
Step: 1
Match: U. Catolica vs Universidad de Concepcion
Status: FT
Start (Local): 2026-06-15 00:30:00
Score: 5 - 1 (90')
Step: 1
Match: U. Catolica vs Universidad de Concepcion
Status: FT
Start (Local): 2026-06-15 00:30:00
Score: 5 - 1 (90')
Step: 1
Match: U. Catolica vs Universidad de Concepcion
Status: FT
Start (Local): 2026-06-15 00:30:00
Score: 5 - 1 (90')
Step: 1
Match: U. Catolica vs Universidad de Concepcion
Status: FT
Start (Local): 2026-06-15 00:30:00
Score: 5 - 1 (90')
Step: 1
Match: U. Catolica vs Universidad de Concepcion
Status: FT
Start (Local): 2026-06-15 00:30:00
Score: 5 - 1 (90')
Step: 1
Match: U. Catolica vs Universidad de Concepcion
Status: FT
Start (Local): 2026-06-15 00:30:00
Score: 5 - 1 (90')
Step: 1
Match: U. Catolica vs Universidad de Concepcion
Status: FT
Start (Local): 2026-06-15 00:30:00
Score: 5 - 1 (90')
Step: 1
Match: U. Catolica vs Universidad de Concepcion
Status: FT
Start (Local): 2026-06-15 00:30:00
Score: 5 - 1 (90')
Step: 1
Match: U. Catolica vs Universidad de Concepcion
Status: FT
Start (Local): 2026-06-15 00:30:00
Score: 5 - 1 (90')
Step: 1
Match: U. Catolica vs Universidad de Concepcion
Status: FT
Start (Local): 2026-06-15 00:30:00
Score: 5 - 1 (90')
Step: 1
Match: U. Catolica vs Universidad de Concepcion
Status: FT
Start (Local): 2026-06-15 00:30:00
Score: 5 - 1 (90')
Step: 1
Match: U. Catolica vs Universidad de Concepcion
Status: FT
Start (Local): 2026-06-15 00:30:00
Score: 5 - 1 (90')
Match status is NS, no notification needed.
Error: HTTPSConnectionPool(host='v3.football.api-sports.io', port=443): Max retries exceeded with url: /fixtures?date=2026-07-04 (Caused by ConnectTimeoutError(<urllib3.connection.HTTPSConnection object at 0x7f78944cb1d0>, 'Connection to v3.football.api-sports.io timed out. (connect timeout=None)'))
Error: HTTPSConnectionPool(host='v3.football.api-sports.io', port=443): Max retries exceeded with url: /fixtures?date=2026-07-24 (Caused by NameResolutionError("<urllib3.connection.HTTPSConnection object at 0x75efee49a870>: Failed to resolve 'v3.football.api-sports.io' ([Errno -3] Temporary failure in name resolution)"))
Error: HTTPSConnectionPool(host='v3.football.api-sports.io', port=443): Max retries exceeded with url: /fixtures?date=2026-07-28 (Caused by NameResolutionError("<urllib3.connection.HTTPSConnection object at 0x7185555297f0>: Failed to resolve 'v3.football.api-sports.io' ([Errno -3] Temporary failure in name resolution)"))
Error: HTTPSConnectionPool(host='v3.football.api-sports.io', port=443): Max retries exceeded with url: /fixtures?date=2026-08-02 (Caused by NameResolutionError("<urllib3.connection.HTTPSConnection object at 0x715c8a9f26f0>: Failed to resolve 'v3.football.api-sports.io' ([Errno -3] Temporary failure in name resolution)"))
Error: HTTPSConnectionPool(host='v3.football.api-sports.io', port=443): Max retries exceeded with url: /fixtures?date=2026-08-02 (Caused by NameResolutionError("<urllib3.connection.HTTPSConnection object at 0x72ac337f6c90>: Failed to resolve 'v3.football.api-sports.io' ([Errno -3] Temporary failure in name resolution)"))
Error: HTTPSConnectionPool(host='v3.football.api-sports.io', port=443): Max retries exceeded with url: /fixtures?date=2026-08-02 (Caused by NameResolutionError("<urllib3.connection.HTTPSConnection object at 0x7e1a6762f680>: Failed to resolve 'v3.football.api-sports.io' ([Errno -3] Temporary failure in name resolution)"))
Error: HTTPSConnectionPool(host='v3.football.api-sports.io', port=443): Max retries exceeded with url: /fixtures?date=2026-08-02 (Caused by NameResolutionError("<urllib3.connection.HTTPSConnection object at 0x7b42e3de08f0>: Failed to resolve 'v3.football.api-sports.io' ([Errno -3] Temporary failure in name resolution)"))
Error: HTTPSConnectionPool(host='v3.football.api-sports.io', port=443): Max retries exceeded with url: /fixtures?date=2026-08-09 (Caused by NameResolutionError("<urllib3.connection.HTTPSConnection object at 0x7ad493255040>: Failed to resolve 'v3.football.api-sports.io' ([Errno -3] Temporary failure in name resolution)"))
Error: ('Connection aborted.', ConnectionResetError(104, 'Connection reset by peer'))
Error: HTTPSConnectionPool(host='v3.football.api-sports.io', port=443): Max retries exceeded with url: /fixtures?date=2026-08-12 (Caused by NameResolutionError("<urllib3.connection.HTTPSConnection object at 0x7e6121a74830>: Failed to resolve 'v3.football.api-sports.io' ([Errno -3] Temporary failure in name resolution)"))
Error: HTTPSConnectionPool(host='v3.football.api-sports.io', port=443): Max retries exceeded with url: /fixtures?date=2026-08-12 (Caused by NameResolutionError("<urllib3.connection.HTTPSConnection object at 0x799eec12a360>: Failed to resolve 'v3.football.api-sports.io' ([Errno -3] Temporary failure in name resolution)"))
